// Jest Snapshot v1, https://goo.gl/fbAQLP

exports[`Overlay renders correctly 1`] = `<div class="px-overlay" style="display: none;" name="fade"></div>`;
